// Jest Snapshot v1, https://goo.gl/fbAQLP

exports[`add category should be displayed correctly 1`] = `
<form
  onSubmit={[Function]}
>
  <p />
  <input
    onChange={[Function]}
    placeholder="Search Gifs..."
    type="text"
    value=""
  />
</form>
`;
