// Jest Snapshot v1, https://goo.gl/fbAQLP

exports[`tests <Gif /> render Component 1`] = `
<div
  className="card animate__animated animate__fadeIn"
>
  <p>
    Hello World...
  </p>
  <img
    alt="Hello World"
    src="htpp://localhost:8080/"
    title="Hello World"
  />
</div>
`;
